// Jest Snapshot v1, https://goo.gl/fbAQLP

exports[`TheHeader.vue renders correctly 1`] = `
<cheader-stub
  colorscheme="light"
  fixed="true"
  tag="header"
  withsubheader="true"
>
  <ctoggler-stub
    class="ml-3 d-lg-none"
    inheader="true"
    tag="button"
  />
   
  <ctoggler-stub
    class="ml-3 d-md-down-none"
    inheader="true"
    tag="button"
  />
   
  <cheaderbrand-stub
    activeclass="router-link-active"
    class="mx-auto d-lg-none"
    event="click"
    exactactiveclass="router-link-exact-active"
    routertag="a"
    tag="div"
    target="_self"
    to="/"
  >
    <cicon-stub
      alt="Logo"
      height="48"
      name="logo"
    />
  </cheaderbrand-stub>
   
  <cheadernav-stub
    class="d-md-down-none mr-auto"
  >
    <cheadernavitem-stub
      class="px-3"
    >
      <cheadernavlink-stub
        activeclass="router-link-active"
        event="click"
        exactactiveclass="router-link-exact-active"
        routertag="a"
        target="_self"
        to="/dashboard"
      >
        
        Dashboard
      
      </cheadernavlink-stub>
    </cheadernavitem-stub>
     
    <cheadernavitem-stub
      class="px-3"
    >
      <cheadernavlink-stub
        activeclass="router-link-active"
        event="click"
        exact="true"
        exactactiveclass="router-link-exact-active"
        routertag="a"
        target="_self"
        to="/users"
      >
        
        Users
      
      </cheadernavlink-stub>
    </cheadernavitem-stub>
     
    <cheadernavitem-stub
      class="px-3"
    >
      <cheadernavlink-stub
        activeclass="router-link-active"
        event="click"
        exactactiveclass="router-link-exact-active"
        routertag="a"
        target="_self"
      >
        
        Settings
      
      </cheadernavlink-stub>
    </cheadernavitem-stub>
  </cheadernav-stub>
   
  <cheadernav-stub>
    <cheadernavitem-stub
      class="px-3 c-d-legacy-none"
    >
      <button
        class="c-header-nav-btn"
      >
        <cicon-stub
          name="cil-moon"
        />
      </button>
    </cheadernavitem-stub>
     
    <theheaderdropdownnotif-stub />
     
    <theheaderdropdowntasks-stub />
     
    <theheaderdropdownmssgs-stub />
     
    <theheaderdropdownaccnt-stub />
     
    <cheadernavitem-stub
      class="px-3"
    >
      <button
        class="c-header-nav-btn"
      >
        <cicon-stub
          class="mr-2"
          name="cil-applications-settings"
          size="lg"
        />
      </button>
    </cheadernavitem-stub>
  </cheadernav-stub>
   
  <csubheader-stub
    class="px-3"
    tag="div"
  >
    <cbreadcrumbrouter-stub
      class="border-0 mb-0"
    />
  </csubheader-stub>
</cheader-stub>
`;
